     1                                  bits 32
     2                                  
     3                                  global start
     4                                  
     5                                  extern exit, scanf, printf
     6                                  import exit msvcrt.dll
     7                                  import scanf msvcrt.dll
     8                                  import printf msvcrt.dll
     9                                  
    10                                  segment data use32 class=data
    11 00000000 4F5051525354555657-         table db "OPQRSTUVWXYZABCDEFGHIJKLMN", 0
    11 00000009 58595A414243444546-
    11 00000012 4748494A4B4C4D4E00 
    12 0000001B <res 00000064>              initial resb 100
    13 0000007F <res 00000064>              final resb 100
    14 000000E3 257300                      format_string db "%s", 0
    15                                  
    16                                  segment code use32 class=code
    17                                  start:
    18 00000000 68[1B000000]                push dword initial
    19 00000005 68[E3000000]                push dword format_string
    20 0000000A FF15[00000000]              call [scanf]
    21 00000010 83C408                      add esp, 4 * 2
    22                                      
    23 00000013 68[7F000000]                push dword final
    24 00000018 68[1B000000]                push dword initial
    25 0000001D 68[00000000]                push dword table
    26 00000022 E81E000000                  call map_string
    27 00000027 83C40C                      add esp, 4 * 3
    28                                  
    29 0000002A 68[7F000000]                push dword final
    30 0000002F 68[E3000000]                push dword format_string
    31 00000034 FF15[00000000]              call [printf]
    32 0000003A 83C408                      add esp, 4 * 2
    33                                      
    34 0000003D 6A00                        push dword 0
    35 0000003F FF15[00000000]              call [exit]
    36                                  
    37                                  map_string:
    38 00000045 8B5C2404                    mov ebx, [esp + 4]
    39 00000049 8B742408                    mov esi, [esp + 4 * 2]
    40 0000004D 8B7C240C                    mov edi, [esp + 4 * 3]
    41                                  
    42                                      map:
    43 00000051 AC                          lodsb
    44 00000052 2C61                        sub al, 'a'
    45 00000054 7804                        js return
    46 00000056 D7                          xlat
    47 00000057 AA                          stosb
    48 00000058 EBF7                        jmp map
    49                                  
    50                                      return:
    51 0000005A C3                          ret
