     1                                  bits 32 ;asamblare și compilare pentru arhitectura de 32 biți
     2                                  ; definim punctul de intrare in programul principal
     3                                  global start
     4                                  
     5                                  ; declaram functiile externe necesare programului nostru 
     6                                  extern exit ; indicam asamblorului ca exit exista, chiar daca noi nu o vom defini
     7                                  import exit msvcrt.dll  ; exit este o functie care incheie procesul, este definita in msvcrt.dll
     8                                          ; msvcrt.dll contine exit, printf si toate celelalte functii C-runtime importante
     9                                  
    10                                  ; segmentul de date in care se vor defini variabilele 
    11                                  segment data use32 class=data
    12 00000000 0A                          a db 10
    13 00000001 2800                        b dw 40
    14                                  
    15                                  ; segmentul de cod
    16                                  segment code use32 class=code
    17                                  start:
    18 00000000 66A1[01000000]              mov AX, [b] ;AX = b
    19 00000006 F635[00000000]              div BYTE [a] ;AL = b / a
    20                                      
    21 0000000C B302                        mov BL, 2
    22 0000000E F6E3                        mul BL
    23                                      
    24 00000010 6683C00A                    add AX, 10
    25                                      
    26 00000014 66F725[01000000]            mul word [b]
    27                                      
    28 0000001B 6652                        push DX
    29 0000001D 6650                        push AX
    30 0000001F 5B                          pop EBX
    31                                      
    32 00000020 66A1[01000000]              mov AX, [b]
    33 00000026 66BA0F00                    mov DX, 15
    34 0000002A 66F7E2                      mul DX
    35                                      
    36 0000002D 6652                        push DX
    37 0000002F 6650                        push AX
    38 00000031 58                          pop EAX
    39                                      
    40 00000032 29C3                        sub EBX, EAX
    41                                      ; exit(0)
    42 00000034 6A00                        push dword 0 ; se pune pe stiva parametrul functiei exit
    43 00000036 FF15[00000000]              call [exit] ; apelul functiei exit pentru terminarea executiei programului
