     1                                  bits 32
     2                                  
     3                                  global start
     4                                  
     5                                  extern exit, scanf, printf
     6                                  import exit msvcrt.dll
     7                                  import scanf msvcrt.dll
     8                                  import printf msvcrt.dll
     9                                  
    10                                  segment data use32 class=data
    11 00000000 257500                      f db "%u", 0
    12 00000003 <res 00000004>              n resd 1
    13 00000007 663D257500                  f2 db "f=%u", 0
    14                                      
    15                                  segment code use32 class=code
    16                                  start:
    17 00000000 68[03000000]                push n
    18 00000005 68[00000000]                push f
    19 0000000A FF15[00000000]              call [scanf]
    20 00000010 83C408                      add esp, 4 * 2
    21                                  
    22 00000013 E81A000000                  call factorial
    23 00000018 83C404                      add esp, 4
    24                                  
    25 0000001B 50                          push eax
    26 0000001C 68[07000000]                push f2
    27 00000021 FF15[00000000]              call [printf]
    28 00000027 83C408                      add esp, 4 * 2
    29                                      
    30 0000002A 6A00                        push dword 0
    31 0000002C FF15[00000000]              call [exit]
    32                                  
    33                                  factorial:
    34 00000032 B801000000                  mov eax, 1
    35 00000037 8B5C2404                    mov ebx, [esp + 4]
    36 0000003B 8B0B                        mov ecx, [ebx]
    37                                  
    38                                      l:
    39 0000003D F7E1                        mul ecx
    40 0000003F E2FC                        loop l
    41                                  
    42 00000041 C3                          ret
